-- suggestedfix_stub_err_4_17 --
package stub

func main() {
	var br error = &customErr{} //@suggestedfix("&", "quickfix", "")
}

type customErr struct{}

// Error implements error.
func (*customErr) Error() string {
	panic("unimplemented")
}

